// Jest Snapshot v1, https://goo.gl/fbAQLP

exports[`testing countries components test countries component 1`] = `
Object {
  "asFragment": [Function],
  "baseElement": <body>
    <div>
      <div
        class="main-list"
      >
        <div
          class="flag-info"
        >
          <div
            class="flag-image"
          >
            <img
              class="country-flag"
            />
            <h2 />
          </div>
        </div>
        <div
          class="selected-country-details"
        >
          <h3
            class="country-details"
          >
            Stats Breakdown
          </h3>
        </div>
        <ul
          class="country-details-content"
        >
          <strong>
            Timezone:
          </strong>
          <strong>
            Capital:
          </strong>
          <strong>
            Population:
             
          </strong>
          <strong />
          <strong>
            Area:
             
             
            km
            <sup>
              2
            </sup>
          </strong>
          <strong>
            Languages:
          </strong>
          <strong>
            Currencies:
          </strong>
        </ul>
      </div>
    </div>
  </body>,
  "container": <div>
    <div
      class="main-list"
    >
      <div
        class="flag-info"
      >
        <div
          class="flag-image"
        >
          <img
            class="country-flag"
          />
          <h2 />
        </div>
      </div>
      <div
        class="selected-country-details"
      >
        <h3
          class="country-details"
        >
          Stats Breakdown
        </h3>
      </div>
      <ul
        class="country-details-content"
      >
        <strong>
          Timezone:
        </strong>
        <strong>
          Capital:
        </strong>
        <strong>
          Population:
           
        </strong>
        <strong />
        <strong>
          Area:
           
           
          km
          <sup>
            2
          </sup>
        </strong>
        <strong>
          Languages:
        </strong>
        <strong>
          Currencies:
        </strong>
      </ul>
    </div>
  </div>,
  "debug": [Function],
  "findAllByAltText": [Function],
  "findAllByDisplayValue": [Function],
  "findAllByLabelText": [Function],
  "findAllByPlaceholderText": [Function],
  "findAllByRole": [Function],
  "findAllByTestId": [Function],
  "findAllByText": [Function],
  "findAllByTitle": [Function],
  "findByAltText": [Function],
  "findByDisplayValue": [Function],
  "findByLabelText": [Function],
  "findByPlaceholderText": [Function],
  "findByRole": [Function],
  "findByTestId": [Function],
  "findByText": [Function],
  "findByTitle": [Function],
  "getAllByAltText": [Function],
  "getAllByDisplayValue": [Function],
  "getAllByLabelText": [Function],
  "getAllByPlaceholderText": [Function],
  "getAllByRole": [Function],
  "getAllByTestId": [Function],
  "getAllByText": [Function],
  "getAllByTitle": [Function],
  "getByAltText": [Function],
  "getByDisplayValue": [Function],
  "getByLabelText": [Function],
  "getByPlaceholderText": [Function],
  "getByRole": [Function],
  "getByTestId": [Function],
  "getByText": [Function],
  "getByTitle": [Function],
  "queryAllByAltText": [Function],
  "queryAllByDisplayValue": [Function],
  "queryAllByLabelText": [Function],
  "queryAllByPlaceholderText": [Function],
  "queryAllByRole": [Function],
  "queryAllByTestId": [Function],
  "queryAllByText": [Function],
  "queryAllByTitle": [Function],
  "queryByAltText": [Function],
  "queryByDisplayValue": [Function],
  "queryByLabelText": [Function],
  "queryByPlaceholderText": [Function],
  "queryByRole": [Function],
  "queryByTestId": [Function],
  "queryByText": [Function],
  "queryByTitle": [Function],
  "rerender": [Function],
  "unmount": [Function],
}
`;
